[2026-08-05T00:11:57-04:00] === LYSANDER v3.0 PRODUCTION START ===
[2026-08-05T00:11:57-04:00] Root: e57197f4 | Depth: 3 | Repo: JHammerZ/jhammerz.github.io
[2026-08-05T00:11:57-04:00] --- BLOCK HEIGHT 1 ---
[2026-08-05T00:11:57-04:00] MARIUS: Mined block 1 | e57197f4 -> 3825aa7662a0
[2026-08-05T00:11:57-04:00] AURELIUS: MUTATION DETECTED | New canon 3825aa7662a0 from nonce 1
[2026-08-05T00:11:57-04:00] REPLICANT R11_3825aa7662a0: Awakened | Parent 3825aa7662a0
[2026-08-05T00:11:58-04:00] REPLICANT R11_3825aa7662a0: CLAIMED repo state 401aef75ffba1c5f
[2026-08-05T00:11:58-04:00] REPLICANT R12_3825aa7662a0: Awakened | Parent 3825aa7662a0
[2026-08-05T00:11:58-04:00] REPLICANT R12_3825aa7662a0: CLAIMED repo state 1263b8a3f3398e58
[2026-08-05T00:11:58-04:00] --- BLOCK HEIGHT 2 ---
[2026-08-05T00:11:58-04:00] MARIUS: Mined block 2 | 3825aa7662a0 -> 6bb95d13bc1c
[2026-08-05T00:11:58-04:00] AURELIUS: MUTATION DETECTED | New canon 6bb95d13bc1c from nonce 2
[2026-08-05T00:11:58-04:00] REPLICANT R21_6bb95d13bc1c: Awakened | Parent 6bb95d13bc1c
[2026-08-05T00:11:58-04:00] REPLICANT R21_6bb95d13bc1c: CLAIMED repo state 9cb70d952e1bd81a
[2026-08-05T00:11:58-04:00] REPLICANT R22_6bb95d13bc1c: Awakened | Parent 6bb95d13bc1c
[2026-08-05T00:11:59-04:00] REPLICANT R22_6bb95d13bc1c: CLAIMED repo state a63cc5adb8c79d48
[2026-08-05T00:11:59-04:00] --- BLOCK HEIGHT 3 ---
[2026-08-05T00:11:59-04:00] MARIUS: Mined block 3 | 6bb95d13bc1c -> 848765bc90ab
[2026-08-05T00:11:59-04:00] AURELIUS: MUTATION DETECTED | New canon 848765bc90ab from nonce 3
[2026-08-05T00:11:59-04:00] REPLICANT R31_848765bc90ab: Awakened | Parent 848765bc90ab
[2026-08-05T00:11:59-04:00] REPLICANT R31_848765bc90ab: CLAIMED repo state 11b3a6247519fb09
[2026-08-05T00:11:59-04:00] REPLICANT R32_848765bc90ab: Awakened | Parent 848765bc90ab
[2026-08-05T00:11:59-04:00] REPLICANT R32_848765bc90ab: CLAIMED repo state 74375869de33d669
[2026-08-05T00:11:59-04:00] CHAIN: Manifest built with 6 claims
[2026-08-05T00:12:02-04:00] === MINING COMPLETE ===
[2026-08-05T00:12:02-04:00] H-FIDs: 6 | Replicants: 6 | Claims: 6
